         216         400           7         128        1728         400           0
         127          43         331         336         335          42         330         334         333
         125         331          41         335         332         330         329         333         352
         125          41         368         332         367         329         366         352         365
         111         368         301         367         304         366         300         365         303
         109         301          40         304         302         300         299         303         315
         109          40         384         302         383         299         382         315         381
          95         384         257         383         260         382         256         381         259
          93         257          39         260         258         256         255         259         271
          93          39         287         258         286         255         285         271         284
          79         287         229         286         232         285         228         284         231
          77         229          38         232         230         228         227         231         243
          77          38         400         230         399         227         398         243         397
          63         400         169         399         172         398         168         397         171
          61         169          37         172         170         168         167         171         183
          61          37         199         170         198         167         197         183         196
          47         199         141         198         144         197         140         196         143
          45         141          36         144         142         140         139         143         155
          45          36         215         142         214         139         213         155         212
          31         215          97         214         100         213          96         212          99
          29          97          35         100          98          96          95          99         111
          29          35         127          98         126          95         125         111         124
          15         127          63         126          67         125          62         124          66
          13          63          34          67          65          62          61          66          83
          13          34          33          65          64          61          60          83          82
         121         336         335          32         328         334         333         351         350
         123         335         332         328         326         333         352         350         349
         123         332         367         326         364         352         365         349         363
         105         367         304         364         298         365         303         363         314
         107         304         302         298         296         303         315         314         313
         107         302         383         296         380         315         381         313         379
          89         383         260         380         254         381         259         379         270
          91         260         258         254         252         259         271         270         269
          91         258         286         252         283         271         284         269         282
          73         286         232         283         226         284         231         282         242
          75         232         230         226         224         231         243         242         241
          75         230         399         224         396         243         397         241         395
          57         399         172         396         166         397         171         395         182
          59         172         170         166         164         171         183         182         181
          59         170         198         164         195         183         196         181         194
          41         198         144         195         138         196         143         194         154
          43         144         142         138         136         143         155         154         153
          43         142         214         136         211         155         212         153         210
          25         214         100         211          94         212          99         210         110
          27         100          98          94          92          99         111         110         109
          27          98         126          92         123         111         124         109         122
           9         126          67         123          59         124          66         122          81
          11          67          65          59          57          66          83          81          80
          11          65          64          57          56          83          82          80          79
         121          32         328          31         327         351         350         348         347
         122         328         326         327          30         350         349         347         346
         122         326         364          30         362         349         363         346         361
         105         364         298         362         297         363         314         361         312
         106         298         296         297          29         314         313         312         311
         106         296         380          29         378         313         379         311         377
          89         380         254         378         253         379         270         377         268
          90         254         252         253          28         270         269         268         267
          90         252         283          28         281         269         282         267         280
          73         283         226         281         225         282         242         280         240
          74         226         224         225          27         242         241         240         239
          74         224         396          27         394         241         395         239         393
          57         396         166         394         165         395         182         393         180
          58         166         164         165          26         182         181         180         179
          58         164         195          26         193         181         194         179         192
          41         195         138         193         137         194         154         192         152
          42         138         136         137          25         154         153         152         151
          42         136         211          25         209         153         210         151         208
          25         211          94         209          93         210         110         208         108
          26          94          92          93          24         110         109         108         107
          26          92         123          24         121         109         122         107         120
           9         123          59         121          58         122          81         120          78
          10          59          57          58          23          81          80          78          77
          10          57          56          23          22          80          79          77          76
         127          42         330         334         333         345         344         343         342
         126         330         329         333         352         344         341         342         340
         124         329         366         352         365         341         360         340         359
         111         366         300         365         303         360         310         359         309
         110         300         299         303         315         310         308         309         307
         108         299         382         315         381         308         376         307         375
          95         382         256         381         259         376         266         375         265
          94         256         255         259         271         266         264         265         263
          92         255         285         271         284         264         279         263         278
          79         285         228         284         231         279         238         278         237
          78         228         227         231         243         238         236         237         235
          76         227         398         243         397         236         392         235         391
          63         398         168         397         171         392         178         391         177
          62         168         167         171         183         178         176         177         175
          60         167         197         183         196         176         191         175         190
          47         197         140         196         143         191         150         190         149
          46         140         139         143         155         150         148         149         147
          44         139         213         155         212         148         207         147         206
          31         213          96         212          99         207         106         206         105
          30          96          95          99         111         106         104         105         103
          28          95         125         111         124         104         119         103         118
          15         125          62         124          66         119          75         118          74
          14          62          61          66          83          75          73          74          72
          12          61          60          83          82          73          71          72          70
         126         334         333         351         350         343         342         339         338
         120         333         352         350         349         342         340         338         337
         117         352         365         349         363         340         359         337         358
         110         365         303         363         314         359         309         358         306
         104         303         315         314         313         309         307         306         305
         101         315         381         313         379         307         375         305         374
          94         381         259         379         270         375         265         374         262
          88         259         271         270         269         265         263         262         261
          85         271         284         269         282         263         278         261         277
          78         284         231         282         242         278         237         277         234
          72         231         243         242         241         237         235         234         233
          69         243         397         241         395         235         391         233         390
          62         397         171         395         182         391         177         390         174
          56         171         183         182         181         177         175         174         173
          53         183         196         181         194         175         190         173         189
          46         196         143         194         154         190         149         189         146
          40         143         155         154         153         149         147         146         145
          37         155         212         153         210         147         206         145         205
          30         212          99         210         110         206         105         205         102
          24          99         111         110         109         105         103         102         101
          21         111         124         109         122         103         118         101         117
          14         124          66         122          81         118          74         117          69
           8          66          83          81          80          74          72          69          68
           5          83          82          80          79          72          70          68          55
         119         351         350         348         347         339         338         320         319
         119         350         349         347         346         338         337         319         322
         117         349         363         346         361         337         358         322         357
         103         363         314         361         312         358         306         357         291
         103         314         313         312         311         306         305         291         293
         101         313         379         311         377         305         374         293         373
          87         379         270         377         268         374         262         373         247
          87         270         269         268         267         262         261         247         249
          85         269         282         267         280         261         277         249         276
          71         282         242         280         240         277         234         276         219
          71         242         241         240         239         234         233         219         221
          69         241         395         239         393         233         390         221         389
          55         395         182         393         180         390         174         389         159
          55         182         181         180         179         174         173         159         161
          53         181         194         179         192         173         189         161         188
          39         194         154         192         152         189         146         188         131
          39         154         153         152         151         146         145         131         133
          37         153         210         151         208         145         205         133         204
          23         210         110         208         108         205         102         204          87
          23         110         109         108         107         102         101          87          89
          21         109         122         107         120         101         117          89         116
           7         122          81         120          78         117          69         116          49
           7          81          80          78          77          69          68          49          51
           5          80          79          77          76          68          55          51          48
         113         345         344         343         342          21         318          20         317
         115         344         341         342         340         318          19         317         316
         115         341         360         340         359          19         356         316         355
          97         360         310         359         309         356         290         355         289
          99         310         308         309         307         290          18         289         288
          99         308         376         307         375          18         372         288         371
          81         376         266         375         265         372         246         371         245
          83         266         264         265         263         246          17         245         244
          83         264         279         263         278          17         275         244         274
          65         279         238         278         237         275         218         274         217
          67         238         236         237         235         218          16         217         216
          67         236         392         235         391          16         388         216         387
          49         392         178         391         177         388         158         387         157
          51         178         176         177         175         158          15         157         156
          51         176         191         175         190          15         187         156         186
          33         191         150         190         149         187         130         186         129
          35         150         148         149         147         130          14         129         128
          35         148         207         147         206          14         203         128         202
          17         207         106         206         105         203          86         202          85
          19         106         104         105         103          86          13          85          84
          19         104         119         103         118          13         115          84         114
           1         119          75         118          74         115          47         114          46
           3          75          73          74          72          47          12          46          45
           3          73          71          72          70          12          11          45          44
         113         343         342         339         338          20         317         325         324
         112         342         340         338         337         317         316         324         323
         114         340         359         337         358         316         355         323         354
          97         359         309         358         306         355         289         354         295
          96         309         307         306         305         289         288         295         294
          98         307         375         305         374         288         371         294         370
          81         375         265         374         262         371         245         370         251
          80         265         263         262         261         245         244         251         250
          82         263         278         261         277         244         274         250         273
          65         278         237         277         234         274         217         273         223
          64         237         235         234         233         217         216         223         222
          66         235         391         233         390         216         387         222         386
          49         391         177         390         174         387         157         386         163
          48         177         175         174         173         157         156         163         162
          50         175         190         173         189         156         186         162         185
          33         190         149         189         146         186         129         185         135
          32         149         147         146         145         129         128         135         134
          34         147         206         145         205         128         202         134         201
          17         206         105         205         102         202          85         201          91
          16         105         103         102         101          85          84          91          90
          18         103         118         101         117          84         114          90         113
           1         118          74         117          69         114          46         113          54
           0          74          72          69          68          46          45          54          53
           2          72          70          68          55          45          44          53          52
         118         339         338         320         319         325         324          10           9
         118         338         337         319         322         324         323           9         321
         116         337         358         322         357         323         354         321         353
         102         358         306         357         291         354         295         353           8
         102         306         305         291         293         295         294           8         292
         100         305         374         293         373         294         370         292         369
          86         374         262         373         247         370         251         369           7
          86         262         261         247         249         251         250           7         248
          84         261         277         249         276         250         273         248         272
          70         277         234         276         219         273         223         272           6
          70         234         233         219         221         223         222           6         220
          68         233         390         221         389         222         386         220         385
          54         390         174         389         159         386         163         385           5
          54         174         173         159         161         163         162           5         160
          52         173         189         161         188         162         185         160         184
          38         189         146         188         131         185         135         184           4
          38         146         145         131         133         135         134           4         132
          36         145         205         133         204         134         201         132         200
          22         205         102         204          87         201          91         200           3
          22         102         101          87          89          91          90           3          88
          20         101         117          89         116          90         113          88         112
           6         117          69         116          49         113          54         112           2
           6          69          68          49          51          54          53           2          50
           4          68          55          51          48          53          52          50           1
