          16          20           4          16          64          20           0
          14          16          11          15          12
          10          14           9          13          10
           6          20          19           8           4
           2          18          17           7           2
          15          11          14          12          13
           7          19          18           4           7
          11           9          16          10          15
           3          17          20           2           8
           4           8           4           6           3
           0           7           2           5           1
           5           4           7           3           5
           1           2           8           1           6
          12          15          12          20          19
           8          13          10          18          17
          13          12          13          19          18
           9          10          15          17          20
