         256         256           8         256        1024         256           0
         218         256         255         207         173
         219         255         254         173         175
         222         254         253         175         174
         223         253         252         174         181
         202         252         251         181         164
         203         251         250         164         166
         206         250         249         166         165
         207         249         248         165         208
         250         248         247         208         194
         251         247         246         194         196
         254         246         245         196         195
         255         245         244         195         202
         234         244         243         202         185
         235         243         242         185         187
         238         242         241         187         186
         239         241         256         186         207
         216         207         173         205         178
         217         173         175         178         177
         220         175         174         177         176
         221         174         181         176         180
         200         181         164         180         169
         201         164         166         169         168
         204         166         165         168         167
         205         165         208         167         206
         248         208         194         206         199
         249         194         196         199         198
         252         196         195         198         197
         253         195         202         197         201
         232         202         185         201         190
         233         185         187         190         189
         236         187         186         189         188
         237         186         207         188         205
         210         205         178         203         170
         211         178         177         170         172
         214         177         176         172         171
         215         176         180         171         179
         194         180         169         179         161
         195         169         168         161         163
         198         168         167         163         162
         199         167         206         162         204
         242         206         199         204         191
         243         199         198         191         193
         246         198         197         193         192
         247         197         201         192         200
         226         201         190         200         182
         227         190         189         182         184
         230         189         188         184         183
         231         188         205         183         203
         208         203         170         224         223
         209         170         172         223         222
         212         172         171         222         221
         213         171         179         221         220
         192         179         161         220         219
         193         161         163         219         218
         196         163         162         218         217
         197         162         204         217         216
         240         204         191         216         215
         241         191         193         215         214
         244         193         192         214         213
         245         192         200         213         212
         224         200         182         212         211
         225         182         184         211         210
         228         184         183         210         209
         229         183         203         209         224
         154         224         223         159         125
         155         223         222         125         127
         158         222         221         127         126
         159         221         220         126         133
         138         220         219         133         116
         139         219         218         116         118
         142         218         217         118         117
         143         217         216         117         160
         186         216         215         160         146
         187         215         214         146         148
         190         214         213         148         147
         191         213         212         147         154
         170         212         211         154         137
         171         211         210         137         139
         174         210         209         139         138
         175         209         224         138         159
         152         159         125         157         130
         153         125         127         130         129
         156         127         126         129         128
         157         126         133         128         132
         136         133         116         132         121
         137         116         118         121         120
         140         118         117         120         119
         141         117         160         119         158
         184         160         146         158         151
         185         146         148         151         150
         188         148         147         150         149
         189         147         154         149         153
         168         154         137         153         142
         169         137         139         142         141
         172         139         138         141         140
         173         138         159         140         157
         146         157         130         155         122
         147         130         129         122         124
         150         129         128         124         123
         151         128         132         123         131
         130         132         121         131         113
         131         121         120         113         115
         134         120         119         115         114
         135         119         158         114         156
         178         158         151         156         143
         179         151         150         143         145
         182         150         149         145         144
         183         149         153         144         152
         162         153         142         152         134
         163         142         141         134         136
         166         141         140         136         135
         167         140         157         135         155
         144         155         122         240         239
         145         122         124         239         238
         148         124         123         238         237
         149         123         131         237         236
         128         131         113         236         235
         129         113         115         235         234
         132         115         114         234         233
         133         114         156         233         232
         176         156         143         232         231
         177         143         145         231         230
         180         145         144         230         229
         181         144         152         229         228
         160         152         134         228         227
         161         134         136         227         226
         164         136         135         226         225
         165         135         155         225         240
          90         240         239          95          61
          91         239         238          61          63
          94         238         237          63          62
          95         237         236          62          69
          74         236         235          69          52
          75         235         234          52          54
          78         234         233          54          53
          79         233         232          53          96
         122         232         231          96          82
         123         231         230          82          84
         126         230         229          84          83
         127         229         228          83          90
         106         228         227          90          73
         107         227         226          73          75
         110         226         225          75          74
         111         225         240          74          95
          88          95          61          93          66
          89          61          63          66          65
          92          63          62          65          64
          93          62          69          64          68
          72          69          52          68          57
          73          52          54          57          56
          76          54          53          56          55
          77          53          96          55          94
         120          96          82          94          87
         121          82          84          87          86
         124          84          83          86          85
         125          83          90          85          89
         104          90          73          89          78
         105          73          75          78          77
         108          75          74          77          76
         109          74          95          76          93
          82          93          66          91          58
          83          66          65          58          60
          86          65          64          60          59
          87          64          68          59          67
          66          68          57          67          49
          67          57          56          49          51
          70          56          55          51          50
          71          55          94          50          92
         114          94          87          92          79
         115          87          86          79          81
         118          86          85          81          80
         119          85          89          80          88
          98          89          78          88          70
          99          78          77          70          72
         102          77          76          72          71
         103          76          93          71          91
          80          91          58         112         111
          81          58          60         111         110
          84          60          59         110         109
          85          59          67         109         108
          64          67          49         108         107
          65          49          51         107         106
          68          51          50         106         105
          69          50          92         105         104
         112          92          79         104         103
         113          79          81         103         102
         116          81          80         102         101
         117          80          88         101         100
          96          88          70         100          99
          97          70          72          99          98
         100          72          71          98          97
         101          71          91          97         112
          26         112         111          47          13
          27         111         110          13          15
          30         110         109          15          14
          31         109         108          14          21
          10         108         107          21           4
          11         107         106           4           6
          14         106         105           6           5
          15         105         104           5          48
          58         104         103          48          34
          59         103         102          34          36
          62         102         101          36          35
          63         101         100          35          42
          42         100          99          42          25
          43          99          98          25          27
          46          98          97          27          26
          47          97         112          26          47
          24          47          13          45          18
          25          13          15          18          17
          28          15          14          17          16
          29          14          21          16          20
           8          21           4          20           9
           9           4           6           9           8
          12           6           5           8           7
          13           5          48           7          46
          56          48          34          46          39
          57          34          36          39          38
          60          36          35          38          37
          61          35          42          37          41
          40          42          25          41          30
          41          25          27          30          29
          44          27          26          29          28
          45          26          47          28          45
          18          45          18          43          10
          19          18          17          10          12
          22          17          16          12          11
          23          16          20          11          19
           2          20           9          19           1
           3           9           8           1           3
           6           8           7           3           2
           7           7          46           2          44
          50          46          39          44          31
          51          39          38          31          33
          54          38          37          33          32
          55          37          41          32          40
          34          41          30          40          22
          35          30          29          22          24
          38          29          28          24          23
          39          28          45          23          43
          16          43          10         256         255
          17          10          12         255         254
          20          12          11         254         253
          21          11          19         253         252
           0          19           1         252         251
           1           1           3         251         250
           4           3           2         250         249
           5           2          44         249         248
          48          44          31         248         247
          49          31          33         247         246
          52          33          32         246         245
          53          32          40         245         244
          32          40          22         244         243
          33          22          24         243         242
          36          24          23         242         241
          37          23          43         241         256
