          18          28           4          16          72          28           0
           7           5          10           4           9
           5          10           8           9          14
           4           8          28          14          27
          15          28          20          27          19
          13          20          18          19          24
          12          18           3          24          23
           7           4           9          13          12
           6           9          14          12          11
           3          14          27          11          26
          15          27          19          26          22
          14          19          24          22          21
          11          24          23          21          16
           1          13          12           2           6
           0          12          11           6           7
           2          11          26           7          25
           9          26          22          25          15
           8          22          21          15          17
          10          21          16          17           1
