          64          73           6          64         256          73           0
          63          54          57          62          61
          62          53          56          54          57
          54          48          47          60          59
          55          57          48          61          60
          52          50          49          48          47
          53          56          50          57          48
          61          52          55          53          56
          60          73          72          52          55
          48          72          71          55          46
          50          46          45          50          49
          58          52          51          73          70
          49          71          69          46          45
          59          53          54          52          51
          51          55          46          56          50
          56          51          58          70          68
          57          54          62          51          58
          47          41          44          67          66
          46          40          43          41          44
          38          35          34          65          64
          39          44          35          66          65
          36          37          36          35          34
          37          43          37          44          35
          45          39          42          40          43
          44          62          61          39          42
          32          61          60          42          33
          34          33          32          37          36
          42          39          38          62          58
          33          60          59          33          32
          43          40          41          39          38
          35          42          33          43          37
          40          38          63          58          68
          41          41          67          38          63
          31          23          26          31          30
          30          22          25          23          26
          22          17          16          29          28
          23          26          17          30          29
          20          19          18          17          16
          21          25          19          26          17
          29          21          24          22          25
          28          67          66          21          24
          16          66          65          24          15
          18          15          14          19          18
          26          21          20          67          63
          17          65          64          15          14
          27          22          23          21          20
          19          24          15          25          19
          24          20          27          63          68
          25          23          31          20          27
          15          10          13          73          72
          14           9          12          10          13
           6           4           3          71          69
           7          13           4          72          71
           4           6           5           4           3
           5          12           6          13           4
          13           8          11           9          12
          12          31          30           8          11
           0          30          29          11           2
           2           2           1           6           5
          10           8           7          31          27
           1          29          28           2           1
          11           9          10           8           7
           3          11           2          12           6
           8           7          70          27          68
           9          10          73           7          70
