         512         512           9         512        4096         512           0
         406         512         511         510         509         312         311         264         260
         407         511         508         509         507         311         310         260         262
         414         508         506         507         505         310         309         262         261
         415         506         504         505         503         309         308         261         263
         390         504         502         503         501         308         307         263         257
         391         502         500         501         499         307         306         257         259
         398         500         498         499         497         306         305         259         258
         399         498         512         497         510         305         312         258         264
         404         510         509         496         495         264         260         280         279
         405         509         507         495         494         260         262         279         278
         412         507         505         494         493         262         261         278         277
         413         505         503         493         492         261         263         277         276
         388         503         501         492         491         263         257         276         275
         389         501         499         491         490         257         259         275         274
         396         499         497         490         489         259         258         274         273
         397         497         510         489         496         258         264         273         280
         438         496         495         488         487         280         279         272         268
         439         495         494         487         486         279         278         268         270
         446         494         493         486         485         278         277         270         269
         447         493         492         485         484         277         276         269         271
         422         492         491         484         483         276         275         271         265
         423         491         490         483         482         275         274         265         267
         430         490         489         482         481         274         273         267         266
         431         489         496         481         488         273         280         266         272
         436         488         487         480         479         272         268         320         319
         437         487         486         479         478         268         270         319         318
         444         486         485         478         477         270         269         318         317
         445         485         484         477         476         269         271         317         316
         420         484         483         476         475         271         265         316         315
         421         483         482         475         474         265         267         315         314
         428         482         481         474         473         267         266         314         313
         429         481         488         473         480         266         272         313         320
         470         480         479         472         471         320         319         288         284
         471         479         478         471         470         319         318         284         286
         478         478         477         470         469         318         317         286         285
         479         477         476         469         468         317         316         285         287
         454         476         475         468         467         316         315         287         281
         455         475         474         467         466         315         314         281         283
         462         474         473         466         465         314         313         283         282
         463         473         480         465         472         313         320         282         288
         468         472         471         464         463         288         284         304         303
         469         471         470         463         462         284         286         303         302
         476         470         469         462         461         286         285         302         301
         477         469         468         461         460         285         287         301         300
         452         468         467         460         459         287         281         300         299
         453         467         466         459         458         281         283         299         298
         460         466         465         458         457         283         282         298         297
         461         465         472         457         464         282         288         297         304
         502         464         463         456         455         304         303         296         292
         503         463         462         455         454         303         302         292         294
         510         462         461         454         453         302         301         294         293
         511         461         460         453         452         301         300         293         295
         486         460         459         452         451         300         299         295         289
         487         459         458         451         450         299         298         289         291
         494         458         457         450         449         298         297         291         290
         495         457         464         449         456         297         304         290         296
         500         456         455         512         511         296         292         312         311
         501         455         454         511         508         292         294         311         310
         508         454         453         508         506         294         293         310         309
         509         453         452         506         504         293         295         309         308
         484         452         451         504         502         295         289         308         307
         485         451         450         502         500         289         291         307         306
         492         450         449         500         498         291         290         306         305
         493         449         456         498         512         290         296         305         312
         402         312         311         264         260         384         383         382         381
         403         311         310         260         262         383         380         381         379
         410         310         309         262         261         380         378         379         377
         411         309         308         261         263         378         376         377         375
         386         308         307         263         257         376         374         375         373
         387         307         306         257         259         374         372         373         371
         394         306         305         259         258         372         370         371         369
         395         305         312         258         264         370         384         369         382
         400         264         260         280         279         382         381         368         367
         401         260         262         279         278         381         379         367         366
         408         262         261         278         277         379         377         366         365
         409         261         263         277         276         377         375         365         364
         384         263         257         276         275         375         373         364         363
         385         257         259         275         274         373         371         363         362
         392         259         258         274         273         371         369         362         361
         393         258         264         273         280         369         382         361         368
         434         280         279         272         268         368         367         360         359
         435         279         278         268         270         367         366         359         358
         442         278         277         270         269         366         365         358         357
         443         277         276         269         271         365         364         357         356
         418         276         275         271         265         364         363         356         355
         419         275         274         265         267         363         362         355         354
         426         274         273         267         266         362         361         354         353
         427         273         280         266         272         361         368         353         360
         432         272         268         320         319         360         359         352         351
         433         268         270         319         318         359         358         351         350
         440         270         269         318         317         358         357         350         349
         441         269         271         317         316         357         356         349         348
         416         271         265         316         315         356         355         348         347
         417         265         267         315         314         355         354         347         346
         424         267         266         314         313         354         353         346         345
         425         266         272         313         320         353         360         345         352
         466         320         319         288         284         352         351         344         343
         467         319         318         284         286         351         350         343         342
         474         318         317         286         285         350         349         342         341
         475         317         316         285         287         349         348         341         340
         450         316         315         287         281         348         347         340         339
         451         315         314         281         283         347         346         339         338
         458         314         313         283         282         346         345         338         337
         459         313         320         282         288         345         352         337         344
         464         288         284         304         303         344         343         336         335
         465         284         286         303         302         343         342         335         334
         472         286         285         302         301         342         341         334         333
         473         285         287         301         300         341         340         333         332
         448         287         281         300         299         340         339         332         331
         449         281         283         299         298         339         338         331         330
         456         283         282         298         297         338         337         330         329
         457         282         288         297         304         337         344         329         336
         498         304         303         296         292         336         335         328         327
         499         303         302         292         294         335         334         327         326
         506         302         301         294         293         334         333         326         325
         507         301         300         293         295         333         332         325         324
         482         300         299         295         289         332         331         324         323
         483         299         298         289         291         331         330         323         322
         490         298         297         291         290         330         329         322         321
         491         297         304         290         296         329         336         321         328
         496         296         292         312         311         328         327         384         383
         497         292         294         311         310         327         326         383         380
         504         294         293         310         309         326         325         380         378
         505         293         295         309         308         325         324         378         376
         480         295         289         308         307         324         323         376         374
         481         289         291         307         306         323         322         374         372
         488         291         290         306         305         322         321         372         370
         489         290         296         305         312         321         328         370         384
         278         384         383         382         381         248         247         200         196
         279         383         380         381         379         247         246         196         198
         286         380         378         379         377         246         245         198         197
         287         378         376         377         375         245         244         197         199
         262         376         374         375         373         244         243         199         193
         263         374         372         373         371         243         242         193         195
         270         372         370         371         369         242         241         195         194
         271         370         384         369         382         241         248         194         200
         276         382         381         368         367         200         196         216         215
         277         381         379         367         366         196         198         215         214
         284         379         377         366         365         198         197         214         213
         285         377         375         365         364         197         199         213         212
         260         375         373         364         363         199         193         212         211
         261         373         371         363         362         193         195         211         210
         268         371         369         362         361         195         194         210         209
         269         369         382         361         368         194         200         209         216
         310         368         367         360         359         216         215         208         204
         311         367         366         359         358         215         214         204         206
         318         366         365         358         357         214         213         206         205
         319         365         364         357         356         213         212         205         207
         294         364         363         356         355         212         211         207         201
         295         363         362         355         354         211         210         201         203
         302         362         361         354         353         210         209         203         202
         303         361         368         353         360         209         216         202         208
         308         360         359         352         351         208         204         256         255
         309         359         358         351         350         204         206         255         254
         316         358         357         350         349         206         205         254         253
         317         357         356         349         348         205         207         253         252
         292         356         355         348         347         207         201         252         251
         293         355         354         347         346         201         203         251         250
         300         354         353         346         345         203         202         250         249
         301         353         360         345         352         202         208         249         256
         342         352         351         344         343         256         255         224         220
         343         351         350         343         342         255         254         220         222
         350         350         349         342         341         254         253         222         221
         351         349         348         341         340         253         252         221         223
         326         348         347         340         339         252         251         223         217
         327         347         346         339         338         251         250         217         219
         334         346         345         338         337         250         249         219         218
         335         345         352         337         344         249         256         218         224
         340         344         343         336         335         224         220         240         239
         341         343         342         335         334         220         222         239         238
         348         342         341         334         333         222         221         238         237
         349         341         340         333         332         221         223         237         236
         324         340         339         332         331         223         217         236         235
         325         339         338         331         330         217         219         235         234
         332         338         337         330         329         219         218         234         233
         333         337         344         329         336         218         224         233         240
         374         336         335         328         327         240         239         232         228
         375         335         334         327         326         239         238         228         230
         382         334         333         326         325         238         237         230         229
         383         333         332         325         324         237         236         229         231
         358         332         331         324         323         236         235         231         225
         359         331         330         323         322         235         234         225         227
         366         330         329         322         321         234         233         227         226
         367         329         336         321         328         233         240         226         232
         372         328         327         384         383         232         228         248         247
         373         327         326         383         380         228         230         247         246
         380         326         325         380         378         230         229         246         245
         381         325         324         378         376         229         231         245         244
         356         324         323         376         374         231         225         244         243
         357         323         322         374         372         225         227         243         242
         364         322         321         372         370         227         226         242         241
         365         321         328         370         384         226         232         241         248
         274         248         247         200         196         448         447         446         445
         275         247         246         196         198         447         444         445         443
         282         246         245         198         197         444         442         443         441
         283         245         244         197         199         442         440         441         439
         258         244         243         199         193         440         438         439         437
         259         243         242         193         195         438         436         437         435
         266         242         241         195         194         436         434         435         433
         267         241         248         194         200         434         448         433         446
         272         200         196         216         215         446         445         432         431
         273         196         198         215         214         445         443         431         430
         280         198         197         214         213         443         441         430         429
         281         197         199         213         212         441         439         429         428
         256         199         193         212         211         439         437         428         427
         257         193         195         211         210         437         435         427         426
         264         195         194         210         209         435         433         426         425
         265         194         200         209         216         433         446         425         432
         306         216         215         208         204         432         431         424         423
         307         215         214         204         206         431         430         423         422
         314         214         213         206         205         430         429         422         421
         315         213         212         205         207         429         428         421         420
         290         212         211         207         201         428         427         420         419
         291         211         210         201         203         427         426         419         418
         298         210         209         203         202         426         425         418         417
         299         209         216         202         208         425         432         417         424
         304         208         204         256         255         424         423         416         415
         305         204         206         255         254         423         422         415         414
         312         206         205         254         253         422         421         414         413
         313         205         207         253         252         421         420         413         412
         288         207         201         252         251         420         419         412         411
         289         201         203         251         250         419         418         411         410
         296         203         202         250         249         418         417         410         409
         297         202         208         249         256         417         424         409         416
         338         256         255         224         220         416         415         408         407
         339         255         254         220         222         415         414         407         406
         346         254         253         222         221         414         413         406         405
         347         253         252         221         223         413         412         405         404
         322         252         251         223         217         412         411         404         403
         323         251         250         217         219         411         410         403         402
         330         250         249         219         218         410         409         402         401
         331         249         256         218         224         409         416         401         408
         336         224         220         240         239         408         407         400         399
         337         220         222         239         238         407         406         399         398
         344         222         221         238         237         406         405         398         397
         345         221         223         237         236         405         404         397         396
         320         223         217         236         235         404         403         396         395
         321         217         219         235         234         403         402         395         394
         328         219         218         234         233         402         401         394         393
         329         218         224         233         240         401         408         393         400
         370         240         239         232         228         400         399         392         391
         371         239         238         228         230         399         398         391         390
         378         238         237         230         229         398         397         390         389
         379         237         236         229         231         397         396         389         388
         354         236         235         231         225         396         395         388         387
         355         235         234         225         227         395         394         387         386
         362         234         233         227         226         394         393         386         385
         363         233         240         226         232         393         400         385         392
         368         232         228         248         247         392         391         448         447
         369         228         230         247         246         391         390         447         444
         376         230         229         246         245         390         389         444         442
         377         229         231         245         244         389         388         442         440
         352         231         225         244         243         388         387         440         438
         353         225         227         243         242         387         386         438         436
         360         227         226         242         241         386         385         436         434
         361         226         232         241         248         385         392         434         448
         150         448         447         446         445         120         119          72          68
         151         447         444         445         443         119         118          68          70
         158         444         442         443         441         118         117          70          69
         159         442         440         441         439         117         116          69          71
         134         440         438         439         437         116         115          71          65
         135         438         436         437         435         115         114          65          67
         142         436         434         435         433         114         113          67          66
         143         434         448         433         446         113         120          66          72
         148         446         445         432         431          72          68          88          87
         149         445         443         431         430          68          70          87          86
         156         443         441         430         429          70          69          86          85
         157         441         439         429         428          69          71          85          84
         132         439         437         428         427          71          65          84          83
         133         437         435         427         426          65          67          83          82
         140         435         433         426         425          67          66          82          81
         141         433         446         425         432          66          72          81          88
         182         432         431         424         423          88          87          80          76
         183         431         430         423         422          87          86          76          78
         190         430         429         422         421          86          85          78          77
         191         429         428         421         420          85          84          77          79
         166         428         427         420         419          84          83          79          73
         167         427         426         419         418          83          82          73          75
         174         426         425         418         417          82          81          75          74
         175         425         432         417         424          81          88          74          80
         180         424         423         416         415          80          76         128         127
         181         423         422         415         414          76          78         127         126
         188         422         421         414         413          78          77         126         125
         189         421         420         413         412          77          79         125         124
         164         420         419         412         411          79          73         124         123
         165         419         418         411         410          73          75         123         122
         172         418         417         410         409          75          74         122         121
         173         417         424         409         416          74          80         121         128
         214         416         415         408         407         128         127          96          92
         215         415         414         407         406         127         126          92          94
         222         414         413         406         405         126         125          94          93
         223         413         412         405         404         125         124          93          95
         198         412         411         404         403         124         123          95          89
         199         411         410         403         402         123         122          89          91
         206         410         409         402         401         122         121          91          90
         207         409         416         401         408         121         128          90          96
         212         408         407         400         399          96          92         112         111
         213         407         406         399         398          92          94         111         110
         220         406         405         398         397          94          93         110         109
         221         405         404         397         396          93          95         109         108
         196         404         403         396         395          95          89         108         107
         197         403         402         395         394          89          91         107         106
         204         402         401         394         393          91          90         106         105
         205         401         408         393         400          90          96         105         112
         246         400         399         392         391         112         111         104         100
         247         399         398         391         390         111         110         100         102
         254         398         397         390         389         110         109         102         101
         255         397         396         389         388         109         108         101         103
         230         396         395         388         387         108         107         103          97
         231         395         394         387         386         107         106          97          99
         238         394         393         386         385         106         105          99          98
         239         393         400         385         392         105         112          98         104
         244         392         391         448         447         104         100         120         119
         245         391         390         447         444         100         102         119         118
         252         390         389         444         442         102         101         118         117
         253         389         388         442         440         101         103         117         116
         228         388         387         440         438         103          97         116         115
         229         387         386         438         436          97          99         115         114
         236         386         385         436         434          99          98         114         113
         237         385         392         434         448          98         104         113         120
         146         120         119          72          68         192         191         190         189
         147         119         118          68          70         191         188         189         187
         154         118         117          70          69         188         186         187         185
         155         117         116          69          71         186         184         185         183
         130         116         115          71          65         184         182         183         181
         131         115         114          65          67         182         180         181         179
         138         114         113          67          66         180         178         179         177
         139         113         120          66          72         178         192         177         190
         144          72          68          88          87         190         189         176         175
         145          68          70          87          86         189         187         175         174
         152          70          69          86          85         187         185         174         173
         153          69          71          85          84         185         183         173         172
         128          71          65          84          83         183         181         172         171
         129          65          67          83          82         181         179         171         170
         136          67          66          82          81         179         177         170         169
         137          66          72          81          88         177         190         169         176
         178          88          87          80          76         176         175         168         167
         179          87          86          76          78         175         174         167         166
         186          86          85          78          77         174         173         166         165
         187          85          84          77          79         173         172         165         164
         162          84          83          79          73         172         171         164         163
         163          83          82          73          75         171         170         163         162
         170          82          81          75          74         170         169         162         161
         171          81          88          74          80         169         176         161         168
         176          80          76         128         127         168         167         160         159
         177          76          78         127         126         167         166         159         158
         184          78          77         126         125         166         165         158         157
         185          77          79         125         124         165         164         157         156
         160          79          73         124         123         164         163         156         155
         161          73          75         123         122         163         162         155         154
         168          75          74         122         121         162         161         154         153
         169          74          80         121         128         161         168         153         160
         210         128         127          96          92         160         159         152         151
         211         127         126          92          94         159         158         151         150
         218         126         125          94          93         158         157         150         149
         219         125         124          93          95         157         156         149         148
         194         124         123          95          89         156         155         148         147
         195         123         122          89          91         155         154         147         146
         202         122         121          91          90         154         153         146         145
         203         121         128          90          96         153         160         145         152
         208          96          92         112         111         152         151         144         143
         209          92          94         111         110         151         150         143         142
         216          94          93         110         109         150         149         142         141
         217          93          95         109         108         149         148         141         140
         192          95          89         108         107         148         147         140         139
         193          89          91         107         106         147         146         139         138
         200          91          90         106         105         146         145         138         137
         201          90          96         105         112         145         152         137         144
         242         112         111         104         100         144         143         136         135
         243         111         110         100         102         143         142         135         134
         250         110         109         102         101         142         141         134         133
         251         109         108         101         103         141         140         133         132
         226         108         107         103          97         140         139         132         131
         227         107         106          97          99         139         138         131         130
         234         106         105          99          98         138         137         130         129
         235         105         112          98         104         137         144         129         136
         240         104         100         120         119         136         135         192         191
         241         100         102         119         118         135         134         191         188
         248         102         101         118         117         134         133         188         186
         249         101         103         117         116         133         132         186         184
         224         103          97         116         115         132         131         184         182
         225          97          99         115         114         131         130         182         180
         232          99          98         114         113         130         129         180         178
         233          98         104         113         120         129         136         178         192
          22         192         191         190         189          56          55           8           4
          23         191         188         189         187          55          54           4           6
          30         188         186         187         185          54          53           6           5
          31         186         184         185         183          53          52           5           7
           6         184         182         183         181          52          51           7           1
           7         182         180         181         179          51          50           1           3
          14         180         178         179         177          50          49           3           2
          15         178         192         177         190          49          56           2           8
          20         190         189         176         175           8           4          24          23
          21         189         187         175         174           4           6          23          22
          28         187         185         174         173           6           5          22          21
          29         185         183         173         172           5           7          21          20
           4         183         181         172         171           7           1          20          19
           5         181         179         171         170           1           3          19          18
          12         179         177         170         169           3           2          18          17
          13         177         190         169         176           2           8          17          24
          54         176         175         168         167          24          23          16          12
          55         175         174         167         166          23          22          12          14
          62         174         173         166         165          22          21          14          13
          63         173         172         165         164          21          20          13          15
          38         172         171         164         163          20          19          15           9
          39         171         170         163         162          19          18           9          11
          46         170         169         162         161          18          17          11          10
          47         169         176         161         168          17          24          10          16
          52         168         167         160         159          16          12          64          63
          53         167         166         159         158          12          14          63          62
          60         166         165         158         157          14          13          62          61
          61         165         164         157         156          13          15          61          60
          36         164         163         156         155          15           9          60          59
          37         163         162         155         154           9          11          59          58
          44         162         161         154         153          11          10          58          57
          45         161         168         153         160          10          16          57          64
          86         160         159         152         151          64          63          32          28
          87         159         158         151         150          63          62          28          30
          94         158         157         150         149          62          61          30          29
          95         157         156         149         148          61          60          29          31
          70         156         155         148         147          60          59          31          25
          71         155         154         147         146          59          58          25          27
          78         154         153         146         145          58          57          27          26
          79         153         160         145         152          57          64          26          32
          84         152         151         144         143          32          28          48          47
          85         151         150         143         142          28          30          47          46
          92         150         149         142         141          30          29          46          45
          93         149         148         141         140          29          31          45          44
          68         148         147         140         139          31          25          44          43
          69         147         146         139         138          25          27          43          42
          76         146         145         138         137          27          26          42          41
          77         145         152         137         144          26          32          41          48
         118         144         143         136         135          48          47          40          36
         119         143         142         135         134          47          46          36          38
         126         142         141         134         133          46          45          38          37
         127         141         140         133         132          45          44          37          39
         102         140         139         132         131          44          43          39          33
         103         139         138         131         130          43          42          33          35
         110         138         137         130         129          42          41          35          34
         111         137         144         129         136          41          48          34          40
         116         136         135         192         191          40          36          56          55
         117         135         134         191         188          36          38          55          54
         124         134         133         188         186          38          37          54          53
         125         133         132         186         184          37          39          53          52
         100         132         131         184         182          39          33          52          51
         101         131         130         182         180          33          35          51          50
         108         130         129         180         178          35          34          50          49
         109         129         136         178         192          34          40          49          56
          18          56          55           8           4         512         511         510         509
          19          55          54           4           6         511         508         509         507
          26          54          53           6           5         508         506         507         505
          27          53          52           5           7         506         504         505         503
           2          52          51           7           1         504         502         503         501
           3          51          50           1           3         502         500         501         499
          10          50          49           3           2         500         498         499         497
          11          49          56           2           8         498         512         497         510
          16           8           4          24          23         510         509         496         495
          17           4           6          23          22         509         507         495         494
          24           6           5          22          21         507         505         494         493
          25           5           7          21          20         505         503         493         492
           0           7           1          20          19         503         501         492         491
           1           1           3          19          18         501         499         491         490
           8           3           2          18          17         499         497         490         489
           9           2           8          17          24         497         510         489         496
          50          24          23          16          12         496         495         488         487
          51          23          22          12          14         495         494         487         486
          58          22          21          14          13         494         493         486         485
          59          21          20          13          15         493         492         485         484
          34          20          19          15           9         492         491         484         483
          35          19          18           9          11         491         490         483         482
          42          18          17          11          10         490         489         482         481
          43          17          24          10          16         489         496         481         488
          48          16          12          64          63         488         487         480         479
          49          12          14          63          62         487         486         479         478
          56          14          13          62          61         486         485         478         477
          57          13          15          61          60         485         484         477         476
          32          15           9          60          59         484         483         476         475
          33           9          11          59          58         483         482         475         474
          40          11          10          58          57         482         481         474         473
          41          10          16          57          64         481         488         473         480
          82          64          63          32          28         480         479         472         471
          83          63          62          28          30         479         478         471         470
          90          62          61          30          29         478         477         470         469
          91          61          60          29          31         477         476         469         468
          66          60          59          31          25         476         475         468         467
          67          59          58          25          27         475         474         467         466
          74          58          57          27          26         474         473         466         465
          75          57          64          26          32         473         480         465         472
          80          32          28          48          47         472         471         464         463
          81          28          30          47          46         471         470         463         462
          88          30          29          46          45         470         469         462         461
          89          29          31          45          44         469         468         461         460
          64          31          25          44          43         468         467         460         459
          65          25          27          43          42         467         466         459         458
          72          27          26          42          41         466         465         458         457
          73          26          32          41          48         465         472         457         464
         114          48          47          40          36         464         463         456         455
         115          47          46          36          38         463         462         455         454
         122          46          45          38          37         462         461         454         453
         123          45          44          37          39         461         460         453         452
          98          44          43          39          33         460         459         452         451
          99          43          42          33          35         459         458         451         450
         106          42          41          35          34         458         457         450         449
         107          41          48          34          40         457         464         449         456
         112          40          36          56          55         456         455         512         511
         113          36          38          55          54         455         454         511         508
         120          38          37          54          53         454         453         508         506
         121          37          39          53          52         453         452         506         504
          96          39          33          52          51         452         451         504         502
          97          33          35          51          50         451         450         502         500
         104          35          34          50          49         450         449         500         498
         105          34          40          49          56         449         456         498         512
