         512         576           9         512        4096         576           0
         214         256         255         254         253         144         136         143         135
         215         255         252         253         251         136         140         135         139
         222         252         250         251         249         140         138         139         137
         223         250         248         249         247         138         142         137         141
         198         248         246         247         245         142         130         141         129
         199         246         244         245         243         130         134         129         133
         206         244         242         243         241         134         132         133         131
         207         242         256         241         254         132         144         131         143
         212         254         253         240         239         143         135         160         159
         213         253         251         239         238         135         139         159         158
         220         251         249         238         237         139         137         158         157
         221         249         247         237         236         137         141         157         156
         196         247         245         236         235         141         129         156         155
         197         245         243         235         234         129         133         155         154
         204         243         241         234         233         133         131         154         153
         205         241         254         233         240         131         143         153         160
         246         240         239         232         231         160         159         152         148
         247         239         238         231         230         159         158         148         150
         254         238         237         230         229         158         157         150         149
         255         237         236         229         228         157         156         149         151
         230         236         235         228         227         156         155         151         145
         231         235         234         227         226         155         154         145         147
         238         234         233         226         225         154         153         147         146
         239         233         240         225         232         153         160         146         152
         244         232         231         576         575         152         148         574         573
         245         231         230         575         572         148         150         573         571
         252         230         229         572         570         150         149         571         569
         253         229         228         570         568         149         151         569         567
         228         228         227         568         566         151         145         567         565
         229         227         226         566         564         145         147         565         563
         236         226         225         564         562         147         146         563         561
         237         225         232         562         576         146         152         561         574
         470         576         575         512         511         574         573         392         388
         471         575         572         511         510         573         571         388         390
         478         572         570         510         509         571         569         390         389
         479         570         568         509         508         569         567         389         391
         454         568         566         508         507         567         565         391         385
         455         566         564         507         506         565         563         385         387
         462         564         562         506         505         563         561         387         386
         463         562         576         505         512         561         574         386         392
         468         512         511         504         503         392         388         416         415
         469         511         510         503         502         388         390         415         414
         476         510         509         502         501         390         389         414         413
         477         509         508         501         500         389         391         413         412
         452         508         507         500         499         391         385         412         411
         453         507         506         499         498         385         387         411         410
         460         506         505         498         497         387         386         410         409
         461         505         512         497         504         386         392         409         416
         502         504         503         496         495         416         415         408         400
         503         503         502         495         494         415         414         400         404
         510         502         501         494         493         414         413         404         402
         511         501         500         493         492         413         412         402         407
         486         500         499         492         491         412         411         407         394
         487         499         498         491         490         411         410         394         398
         494         498         497         490         489         410         409         398         396
         495         497         504         489         496         409         416         396         408
         500         496         495         488         487         408         400         406         399
         501         495         494         487         486         400         404         399         403
         508         494         493         486         485         404         402         403         401
         509         493         492         485         484         402         407         401         405
         484         492         491         484         483         407         394         405         393
         485         491         490         483         482         394         398         393         397
         492         490         489         482         481         398         396         397         395
         493         489         496         481         488         396         408         395         406
         210         144         136         143         135         192         191         190         189
         211         136         140         135         139         191         188         189         187
         218         140         138         139         137         188         186         187         185
         219         138         142         137         141         186         184         185         183
         194         142         130         141         129         184         182         183         181
         195         130         134         129         133         182         180         181         179
         202         134         132         133         131         180         178         179         177
         203         132         144         131         143         178         192         177         190
         208         143         135         160         159         190         189         176         175
         209         135         139         159         158         189         187         175         174
         216         139         137         158         157         187         185         174         173
         217         137         141         157         156         185         183         173         172
         192         141         129         156         155         183         181         172         171
         193         129         133         155         154         181         179         171         170
         200         133         131         154         153         179         177         170         169
         201         131         143         153         160         177         190         169         176
         242         160         159         152         148         176         175         168         167
         243         159         158         148         150         175         174         167         166
         250         158         157         150         149         174         173         166         165
         251         157         156         149         151         173         172         165         164
         226         156         155         151         145         172         171         164         163
         227         155         154         145         147         171         170         163         162
         234         154         153         147         146         170         169         162         161
         235         153         160         146         152         169         176         161         168
         240         152         148         574         573         168         167         560         559
         241         148         150         573         571         167         166         559         558
         248         150         149         571         569         166         165         558         557
         249         149         151         569         567         165         164         557         556
         224         151         145         567         565         164         163         556         555
         225         145         147         565         563         163         162         555         554
         232         147         146         563         561         162         161         554         553
         233         146         152         561         574         161         168         553         560
         466         574         573         392         388         560         559         448         447
         467         573         571         388         390         559         558         447         446
         474         571         569         390         389         558         557         446         445
         475         569         567         389         391         557         556         445         444
         450         567         565         391         385         556         555         444         443
         451         565         563         385         387         555         554         443         442
         458         563         561         387         386         554         553         442         441
         459         561         574         386         392         553         560         441         448
         464         392         388         416         415         448         447         440         439
         465         388         390         415         414         447         446         439         438
         472         390         389         414         413         446         445         438         437
         473         389         391         413         412         445         444         437         436
         448         391         385         412         411         444         443         436         435
         449         385         387         411         410         443         442         435         434
         456         387         386         410         409         442         441         434         433
         457         386         392         409         416         441         448         433         440
         498         416         415         408         400         440         439         432         431
         499         415         414         400         404         439         438         431         430
         506         414         413         404         402         438         437         430         429
         507         413         412         402         407         437         436         429         428
         482         412         411         407         394         436         435         428         427
         483         411         410         394         398         435         434         427         426
         490         410         409         398         396         434         433         426         425
         491         409         416         396         408         433         440         425         432
         496         408         400         406         399         432         431         424         423
         497         400         404         399         403         431         430         423         422
         504         404         402         403         401         430         429         422         421
         505         402         407         401         405         429         428         421         420
         480         407         394         405         393         428         427         420         419
         481         394         398         393         397         427         426         419         418
         488         398         396         397         395         426         425         418         417
         489         396         408         395         406         425         432         417         424
         150         192         191         190         189         112         104         111         103
         151         191         188         189         187         104         108         103         107
         158         188         186         187         185         108         106         107         105
         159         186         184         185         183         106         110         105         109
         134         184         182         183         181         110          98         109          97
         135         182         180         181         179          98         102          97         101
         142         180         178         179         177         102         100         101          99
         143         178         192         177         190         100         112          99         111
         148         190         189         176         175         111         103         128         127
         149         189         187         175         174         103         107         127         126
         156         187         185         174         173         107         105         126         125
         157         185         183         173         172         105         109         125         124
         132         183         181         172         171         109          97         124         123
         133         181         179         171         170          97         101         123         122
         140         179         177         170         169         101          99         122         121
         141         177         190         169         176          99         111         121         128
         182         176         175         168         167         128         127         120         116
         183         175         174         167         166         127         126         116         118
         190         174         173         166         165         126         125         118         117
         191         173         172         165         164         125         124         117         119
         166         172         171         164         163         124         123         119         113
         167         171         170         163         162         123         122         113         115
         174         170         169         162         161         122         121         115         114
         175         169         176         161         168         121         128         114         120
         180         168         167         560         559         120         116         552         551
         181         167         166         559         558         116         118         551         550
         188         166         165         558         557         118         117         550         549
         189         165         164         557         556         117         119         549         548
         164         164         163         556         555         119         113         548         547
         165         163         162         555         554         113         115         547         546
         172         162         161         554         553         115         114         546         545
         173         161         168         553         560         114         120         545         552
         406         560         559         448         447         552         551         360         356
         407         559         558         447         446         551         550         356         358
         414         558         557         446         445         550         549         358         357
         415         557         556         445         444         549         548         357         359
         390         556         555         444         443         548         547         359         353
         391         555         554         443         442         547         546         353         355
         398         554         553         442         441         546         545         355         354
         399         553         560         441         448         545         552         354         360
         404         448         447         440         439         360         356         384         383
         405         447         446         439         438         356         358         383         382
         412         446         445         438         437         358         357         382         381
         413         445         444         437         436         357         359         381         380
         388         444         443         436         435         359         353         380         379
         389         443         442         435         434         353         355         379         378
         396         442         441         434         433         355         354         378         377
         397         441         448         433         440         354         360         377         384
         438         440         439         432         431         384         383         376         368
         439         439         438         431         430         383         382         368         372
         446         438         437         430         429         382         381         372         370
         447         437         436         429         428         381         380         370         375
         422         436         435         428         427         380         379         375         362
         423         435         434         427         426         379         378         362         366
         430         434         433         426         425         378         377         366         364
         431         433         440         425         432         377         384         364         376
         436         432         431         424         423         376         368         374         367
         437         431         430         423         422         368         372         367         371
         444         430         429         422         421         372         370         371         369
         445         429         428         421         420         370         375         369         373
         420         428         427         420         419         375         362         373         361
         421         427         426         419         418         362         366         361         365
         428         426         425         418         417         366         364         365         363
         429         425         432         417         424         364         376         363         374
         146         112         104         111         103         224         223         222         221
         147         104         108         103         107         223         220         221         219
         154         108         106         107         105         220         218         219         217
         155         106         110         105         109         218         216         217         215
         130         110          98         109          97         216         214         215         213
         131          98         102          97         101         214         212         213         211
         138         102         100         101          99         212         210         211         209
         139         100         112          99         111         210         224         209         222
         144         111         103         128         127         222         221         208         207
         145         103         107         127         126         221         219         207         206
         152         107         105         126         125         219         217         206         205
         153         105         109         125         124         217         215         205         204
         128         109          97         124         123         215         213         204         203
         129          97         101         123         122         213         211         203         202
         136         101          99         122         121         211         209         202         201
         137          99         111         121         128         209         222         201         208
         178         128         127         120         116         208         207         200         199
         179         127         126         116         118         207         206         199         198
         186         126         125         118         117         206         205         198         197
         187         125         124         117         119         205         204         197         196
         162         124         123         119         113         204         203         196         195
         163         123         122         113         115         203         202         195         194
         170         122         121         115         114         202         201         194         193
         171         121         128         114         120         201         208         193         200
         176         120         116         552         551         200         199         544         543
         177         116         118         551         550         199         198         543         542
         184         118         117         550         549         198         197         542         541
         185         117         119         549         548         197         196         541         540
         160         119         113         548         547         196         195         540         539
         161         113         115         547         546         195         194         539         538
         168         115         114         546         545         194         193         538         537
         169         114         120         545         552         193         200         537         544
         402         552         551         360         356         544         543         480         479
         403         551         550         356         358         543         542         479         478
         410         550         549         358         357         542         541         478         477
         411         549         548         357         359         541         540         477         476
         386         548         547         359         353         540         539         476         475
         387         547         546         353         355         539         538         475         474
         394         546         545         355         354         538         537         474         473
         395         545         552         354         360         537         544         473         480
         400         360         356         384         383         480         479         472         471
         401         356         358         383         382         479         478         471         470
         408         358         357         382         381         478         477         470         469
         409         357         359         381         380         477         476         469         468
         384         359         353         380         379         476         475         468         467
         385         353         355         379         378         475         474         467         466
         392         355         354         378         377         474         473         466         465
         393         354         360         377         384         473         480         465         472
         434         384         383         376         368         472         471         464         463
         435         383         382         368         372         471         470         463         462
         442         382         381         372         370         470         469         462         461
         443         381         380         370         375         469         468         461         460
         418         380         379         375         362         468         467         460         459
         419         379         378         362         366         467         466         459         458
         426         378         377         366         364         466         465         458         457
         427         377         384         364         376         465         472         457         464
         432         376         368         374         367         464         463         456         455
         433         368         372         367         371         463         462         455         454
         440         372         370         371         369         462         461         454         453
         441         370         375         369         373         461         460         453         452
         416         375         362         373         361         460         459         452         451
         417         362         366         361         365         459         458         451         450
         424         366         364         365         363         458         457         450         449
         425         364         376         363         374         457         464         449         456
          86         224         223         222         221          48          40          47          39
          87         223         220         221         219          40          44          39          43
          94         220         218         219         217          44          42          43          41
          95         218         216         217         215          42          46          41          45
          70         216         214         215         213          46          34          45          33
          71         214         212         213         211          34          38          33          37
          78         212         210         211         209          38          36          37          35
          79         210         224         209         222          36          48          35          47
          84         222         221         208         207          47          39          64          63
          85         221         219         207         206          39          43          63          62
          92         219         217         206         205          43          41          62          61
          93         217         215         205         204          41          45          61          60
          68         215         213         204         203          45          33          60          59
          69         213         211         203         202          33          37          59          58
          76         211         209         202         201          37          35          58          57
          77         209         222         201         208          35          47          57          64
         118         208         207         200         199          64          63          56          52
         119         207         206         199         198          63          62          52          54
         126         206         205         198         197          62          61          54          53
         127         205         204         197         196          61          60          53          55
         102         204         203         196         195          60          59          55          49
         103         203         202         195         194          59          58          49          51
         110         202         201         194         193          58          57          51          50
         111         201         208         193         200          57          64          50          56
         116         200         199         544         543          56          52         536         535
         117         199         198         543         542          52          54         535         534
         124         198         197         542         541          54          53         534         533
         125         197         196         541         540          53          55         533         532
         100         196         195         540         539          55          49         532         531
         101         195         194         539         538          49          51         531         530
         108         194         193         538         537          51          50         530         529
         109         193         200         537         544          50          56         529         536
         342         544         543         480         479         536         535         296         292
         343         543         542         479         478         535         534         292         294
         350         542         541         478         477         534         533         294         293
         351         541         540         477         476         533         532         293         295
         326         540         539         476         475         532         531         295         289
         327         539         538         475         474         531         530         289         291
         334         538         537         474         473         530         529         291         290
         335         537         544         473         480         529         536         290         296
         340         480         479         472         471         296         292         320         319
         341         479         478         471         470         292         294         319         318
         348         478         477         470         469         294         293         318         317
         349         477         476         469         468         293         295         317         316
         324         476         475         468         467         295         289         316         315
         325         475         474         467         466         289         291         315         314
         332         474         473         466         465         291         290         314         313
         333         473         480         465         472         290         296         313         320
         374         472         471         464         463         320         319         312         304
         375         471         470         463         462         319         318         304         308
         382         470         469         462         461         318         317         308         306
         383         469         468         461         460         317         316         306         311
         358         468         467         460         459         316         315         311         298
         359         467         466         459         458         315         314         298         302
         366         466         465         458         457         314         313         302         300
         367         465         472         457         464         313         320         300         312
         372         464         463         456         455         312         304         310         303
         373         463         462         455         454         304         308         303         307
         380         462         461         454         453         308         306         307         305
         381         461         460         453         452         306         311         305         309
         356         460         459         452         451         311         298         309         297
         357         459         458         451         450         298         302         297         301
         364         458         457         450         449         302         300         301         299
         365         457         464         449         456         300         312         299         310
          82          48          40          47          39          96          95          94          93
          83          40          44          39          43          95          92          93          91
          90          44          42          43          41          92          90          91          89
          91          42          46          41          45          90          88          89          87
          66          46          34          45          33          88          86          87          85
          67          34          38          33          37          86          84          85          83
          74          38          36          37          35          84          82          83          81
          75          36          48          35          47          82          96          81          94
          80          47          39          64          63          94          93          80          79
          81          39          43          63          62          93          91          79          78
          88          43          41          62          61          91          89          78          77
          89          41          45          61          60          89          87          77          76
          64          45          33          60          59          87          85          76          75
          65          33          37          59          58          85          83          75          74
          72          37          35          58          57          83          81          74          73
          73          35          47          57          64          81          94          73          80
         114          64          63          56          52          80          79          72          71
         115          63          62          52          54          79          78          71          70
         122          62          61          54          53          78          77          70          69
         123          61          60          53          55          77          76          69          68
          98          60          59          55          49          76          75          68          67
          99          59          58          49          51          75          74          67          66
         106          58          57          51          50          74          73          66          65
         107          57          64          50          56          73          80          65          72
         112          56          52         536         535          72          71         528         527
         113          52          54         535         534          71          70         527         526
         120          54          53         534         533          70          69         526         525
         121          53          55         533         532          69          68         525         524
          96          55          49         532         531          68          67         524         523
          97          49          51         531         530          67          66         523         522
         104          51          50         530         529          66          65         522         521
         105          50          56         529         536          65          72         521         528
         338         536         535         296         292         528         527         352         351
         339         535         534         292         294         527         526         351         350
         346         534         533         294         293         526         525         350         349
         347         533         532         293         295         525         524         349         348
         322         532         531         295         289         524         523         348         347
         323         531         530         289         291         523         522         347         346
         330         530         529         291         290         522         521         346         345
         331         529         536         290         296         521         528         345         352
         336         296         292         320         319         352         351         344         343
         337         292         294         319         318         351         350         343         342
         344         294         293         318         317         350         349         342         341
         345         293         295         317         316         349         348         341         340
         320         295         289         316         315         348         347         340         339
         321         289         291         315         314         347         346         339         338
         328         291         290         314         313         346         345         338         337
         329         290         296         313         320         345         352         337         344
         370         320         319         312         304         344         343         336         335
         371         319         318         304         308         343         342         335         334
         378         318         317         308         306         342         341         334         333
         379         317         316         306         311         341         340         333         332
         354         316         315         311         298         340         339         332         331
         355         315         314         298         302         339         338         331         330
         362         314         313         302         300         338         337         330         329
         363         313         320         300         312         337         344         329         336
         368         312         304         310         303         336         335         328         327
         369         304         308         303         307         335         334         327         326
         376         308         306         307         305         334         333         326         325
         377         306         311         305         309         333         332         325         324
         352         311         298         309         297         332         331         324         323
         353         298         302         297         301         331         330         323         322
         360         302         300         301         299         330         329         322         321
         361         300         312         299         310         329         336         321         328
          22          96          95          94          93          16           8          15           7
          23          95          92          93          91           8          12           7          11
          30          92          90          91          89          12          10          11           9
          31          90          88          89          87          10          14           9          13
           6          88          86          87          85          14           2          13           1
           7          86          84          85          83           2           6           1           5
          14          84          82          83          81           6           4           5           3
          15          82          96          81          94           4          16           3          15
          20          94          93          80          79          15           7          32          31
          21          93          91          79          78           7          11          31          30
          28          91          89          78          77          11           9          30          29
          29          89          87          77          76           9          13          29          28
           4          87          85          76          75          13           1          28          27
           5          85          83          75          74           1           5          27          26
          12          83          81          74          73           5           3          26          25
          13          81          94          73          80           3          15          25          32
          54          80          79          72          71          32          31          24          20
          55          79          78          71          70          31          30          20          22
          62          78          77          70          69          30          29          22          21
          63          77          76          69          68          29          28          21          23
          38          76          75          68          67          28          27          23          17
          39          75          74          67          66          27          26          17          19
          46          74          73          66          65          26          25          19          18
          47          73          80          65          72          25          32          18          24
          52          72          71         528         527          24          20         520         519
          53          71          70         527         526          20          22         519         518
          60          70          69         526         525          22          21         518         517
          61          69          68         525         524          21          23         517         516
          36          68          67         524         523          23          17         516         515
          37          67          66         523         522          17          19         515         514
          44          66          65         522         521          19          18         514         513
          45          65          72         521         528          18          24         513         520
         278         528         527         352         351         520         519         264         260
         279         527         526         351         350         519         518         260         262
         286         526         525         350         349         518         517         262         261
         287         525         524         349         348         517         516         261         263
         262         524         523         348         347         516         515         263         257
         263         523         522         347         346         515         514         257         259
         270         522         521         346         345         514         513         259         258
         271         521         528         345         352         513         520         258         264
         276         352         351         344         343         264         260         288         287
         277         351         350         343         342         260         262         287         286
         284         350         349         342         341         262         261         286         285
         285         349         348         341         340         261         263         285         284
         260         348         347         340         339         263         257         284         283
         261         347         346         339         338         257         259         283         282
         268         346         345         338         337         259         258         282         281
         269         345         352         337         344         258         264         281         288
         310         344         343         336         335         288         287         280         272
         311         343         342         335         334         287         286         272         276
         318         342         341         334         333         286         285         276         274
         319         341         340         333         332         285         284         274         279
         294         340         339         332         331         284         283         279         266
         295         339         338         331         330         283         282         266         270
         302         338         337         330         329         282         281         270         268
         303         337         344         329         336         281         288         268         280
         308         336         335         328         327         280         272         278         271
         309         335         334         327         326         272         276         271         275
         316         334         333         326         325         276         274         275         273
         317         333         332         325         324         274         279         273         277
         292         332         331         324         323         279         266         277         265
         293         331         330         323         322         266         270         265         269
         300         330         329         322         321         270         268         269         267
         301         329         336         321         328         268         280         267         278
          18          16           8          15           7         256         255         254         253
          19           8          12           7          11         255         252         253         251
          26          12          10          11           9         252         250         251         249
          27          10          14           9          13         250         248         249         247
           2          14           2          13           1         248         246         247         245
           3           2           6           1           5         246         244         245         243
          10           6           4           5           3         244         242         243         241
          11           4          16           3          15         242         256         241         254
          16          15           7          32          31         254         253         240         239
          17           7          11          31          30         253         251         239         238
          24          11           9          30          29         251         249         238         237
          25           9          13          29          28         249         247         237         236
           0          13           1          28          27         247         245         236         235
           1           1           5          27          26         245         243         235         234
           8           5           3          26          25         243         241         234         233
           9           3          15          25          32         241         254         233         240
          50          32          31          24          20         240         239         232         231
          51          31          30          20          22         239         238         231         230
          58          30          29          22          21         238         237         230         229
          59          29          28          21          23         237         236         229         228
          34          28          27          23          17         236         235         228         227
          35          27          26          17          19         235         234         227         226
          42          26          25          19          18         234         233         226         225
          43          25          32          18          24         233         240         225         232
          48          24          20         520         519         232         231         576         575
          49          20          22         519         518         231         230         575         572
          56          22          21         518         517         230         229         572         570
          57          21          23         517         516         229         228         570         568
          32          23          17         516         515         228         227         568         566
          33          17          19         515         514         227         226         566         564
          40          19          18         514         513         226         225         564         562
          41          18          24         513         520         225         232         562         576
         274         520         519         264         260         576         575         512         511
         275         519         518         260         262         575         572         511         510
         282         518         517         262         261         572         570         510         509
         283         517         516         261         263         570         568         509         508
         258         516         515         263         257         568         566         508         507
         259         515         514         257         259         566         564         507         506
         266         514         513         259         258         564         562         506         505
         267         513         520         258         264         562         576         505         512
         272         264         260         288         287         512         511         504         503
         273         260         262         287         286         511         510         503         502
         280         262         261         286         285         510         509         502         501
         281         261         263         285         284         509         508         501         500
         256         263         257         284         283         508         507         500         499
         257         257         259         283         282         507         506         499         498
         264         259         258         282         281         506         505         498         497
         265         258         264         281         288         505         512         497         504
         306         288         287         280         272         504         503         496         495
         307         287         286         272         276         503         502         495         494
         314         286         285         276         274         502         501         494         493
         315         285         284         274         279         501         500         493         492
         290         284         283         279         266         500         499         492         491
         291         283         282         266         270         499         498         491         490
         298         282         281         270         268         498         497         490         489
         299         281         288         268         280         497         504         489         496
         304         280         272         278         271         496         495         488         487
         305         272         276         271         275         495         494         487         486
         312         276         274         275         273         494         493         486         485
         313         274         279         273         277         493         492         485         484
         288         279         266         277         265         492         491         484         483
         289         266         270         265         269         491         490         483         482
         296         270         268         269         267         490         489         482         481
         297         268         280         267         278         489         496         481         488
