          48         100           5          32         384         100           0
          31          13          12          66          65          72          71          70          69
          31          12          80          65          79          71          78          69          77
          23          80          11          79          54          78          60          77          59
          23          11          10          54          53          60          58          59          57
          29          66          65         100          99          70          69          98          97
          30          65          79          99          96          69          77          97          95
          21          79          54          96          94          77          59          95          93
          22          54          53          94          92          59          57          93          91
          15         100          99          33          32          98          97          39          38
          15          99          96          32          47          97          95          38          46
           7          96          94          47          21          95          93          46          27
           7          94          92          21          17          93          91          27          26
          13          33          32           9          31          39          38           8          30
          14          32          47          31          45          38          46          30          44
           5          47          21          45          20          46          27          44          19
           6          21          17          20           7          27          26          19          18
          27          72          71          70          69          64          63          68          67
          27          71          78          69          77          63          76          67          75
          19          78          60          77          59          76          52          75          56
          19          60          58          59          57          52          48          56          55
          29          70          69          98          97          68          67          90          89
          28          69          77          97          95          67          75          89          88
          21          77          59          95          93          75          56          88          87
          20          59          57          93          91          56          55          87          86
          11          98          97          39          38          90          89          37          36
          11          97          95          38          46          89          88          36          43
           3          95          93          46          27          88          87          43          25
           3          93          91          27          26          87          86          25          23
          13          39          38           8          30          37          36          35          34
          12          38          46          30          44          36          43          34          42
           5          46          27          44          19          43          25          42          24
           4          27          26          19          18          25          23          24          22
          25          64          63          68          67           6          62           5          61
          26          63          76          67          75          62          74          61          73
          17          76          52          75          56          74          51          73          50
          18          52          48          56          55          51           4          50          49
          25          68          67          90          89           5          61          85          84
          24          67          75          89          88          61          73          84          83
          17          75          56          88          87          73          50          83          82
          16          56          55          87          86          50          49          82          81
           9          90          89          37          36          85          84           3          29
          10          89          88          36          43          84          83          29          41
           1          88          87          43          25          83          82          41          16
           2          87          86          25          23          82          81          16          15
           9          37          36          35          34           3          29           2          28
           8          36          43          34          42          29          41          28          40
           1          43          25          42          24          41          16          40          14
           0          25          23          24          22          16          15          14           1
