          48          48           5          32         384          48           0
          21          48          47          24          23          46          45          22          21
          23          47          44          23          20          45          43          21          19
          17          44          42          20          18          43          41          19          17
          19          42          48          18          24          41          46          17          22
          29          24          23          40          39          22          21          38          37
          31          23          20          39          36          21          19          37          35
          25          20          18          36          34          19          17          35          33
          27          18          24          34          40          17          22          33          38
           5          40          39          12          11          38          37          10           9
           7          39          36          11           8          37          35           9           7
           1          36          34           8           6          35          33           7           5
           3          34          40           6          12          33          38           5          10
          13          12          11          48          47          10           9          46          45
          15          11           8          47          44           9           7          45          43
           9           8           6          44          42           7           5          43          41
          11           6          12          42          48           5          10          41          46
          20          46          45          22          21          32          31          16          15
          22          45          43          21          19          31          30          15          14
          16          43          41          19          17          30          29          14          13
          18          41          46          17          22          29          32          13          16
          28          22          21          38          37          16          15          28          27
          30          21          19          37          35          15          14          27          26
          24          19          17          35          33          14          13          26          25
          26          17          22          33          38          13          16          25          28
           4          38          37          10           9          28          27           4           3
           6          37          35           9           7          27          26           3           2
           0          35          33           7           5          26          25           2           1
           2          33          38           5          10          25          28           1           4
          12          10           9          46          45           4           3          32          31
          14           9           7          45          43           3           2          31          30
           8           7           5          43          41           2           1          30          29
          10           5          10          41          46           1           4          29          32
          21          32          31          16          15          48          47          24          23
          23          31          30          15          14          47          44          23          20
          17          30          29          14          13          44          42          20          18
          19          29          32          13          16          42          48          18          24
          29          16          15          28          27          24          23          40          39
          31          15          14          27          26          23          20          39          36
          25          14          13          26          25          20          18          36          34
          27          13          16          25          28          18          24          34          40
           5          28          27           4           3          40          39          12          11
           7          27          26           3           2          39          36          11           8
           1          26          25           2           1          36          34           8           6
           3          25          28           1           4          34          40           6          12
          13           4           3          32          31          12          11          48          47
          15           3           2          31          30          11           8          47          44
           9           2           1          30          29           8           6          44          42
          11           1           4          29          32           6          12          42          48
