         192         288           7         128        1536         288           0
          79         188           4         187         143         186         146         185         145
          79           4         154         143         153         146         152         145         151
          71         154           3         153         136         152         139         151         138
          71           3         192         136         191         139         190         138         189
          95         192           2         191         165         190         168         189         167
          95           2         176         165         175         168         174         167         173
          87         176           1         175         158         174         161         173         160
          87           1         188         158         187         161         186         160         185
          77         187         143         256         255         185         145         254         253
          78         143         153         255         252         145         151         253         251
          69         153         136         252         250         151         138         251         249
          70         136         191         250         248         138         189         249         247
          93         191         165         248         246         189         167         247         245
          94         165         175         246         244         167         173         245         243
          85         175         158         244         242         173         160         243         241
          86         158         187         242         256         160         185         241         254
         111         256         255         222         198         254         253         221         200
         111         255         252         198         204         253         251         200         203
         103         252         250         204         194         251         249         203         196
         103         250         248         194         224         249         247         196         223
         127         248         246         224         210         247         245         223         212
         127         246         244         210         216         245         243         212         215
         119         244         242         216         206         243         241         215         208
         119         242         256         206         222         241         254         208         221
         109         222         198         288         287         221         200         286         285
         110         198         204         287         284         200         203         285         283
         101         204         194         284         282         203         196         283         281
         102         194         224         282         280         196         223         281         279
         125         224         210         280         278         223         212         279         277
         126         210         216         278         276         212         215         277         275
         117         216         206         276         274         215         208         275         273
         118         206         222         274         288         208         221         273         286
          15         288         287          34          10         286         285          33          12
          15         287         284          10          16         285         283          12          15
           7         284         282          16           6         283         281          15           8
           7         282         280           6          36         281         279           8          35
          31         280         278          36          22         279         277          35          24
          31         278         276          22          28         277         275          24          27
          23         276         274          28          18         275         273          27          20
          23         274         288          18          34         273         286          20          33
          13          34          10         132         131          33          12         130         129
          14          10          16         131         128          12          15         129         127
           5          16           6         128         126          15           8         127         125
           6           6          36         126         124           8          35         125         123
          29          36          22         124         122          35          24         123         121
          30          22          28         122         120          24          27         121         119
          21          28          18         120         118          27          20         119         117
          22          18          34         118         132          20          33         117         130
          47         132         131          98          49         130         129          97          52
          47         131         128          49          60         129         127          52          59
          39         128         126          60          41         127         125          59          44
          39         126         124          41         100         125         123          44          99
          63         124         122         100          73         123         121          99          76
          63         122         120          73          84         121         119          76          83
          55         120         118          84          65         119         117          83          68
          55         118         132          65          98         117         130          68          97
          45          98          49          94          48          97          52          93          47
          46          49          60          48          58          52          59          47          57
          37          60          41          58          40          59          44          57          39
          38          41         100          40          96          44          99          39          95
          61         100          73          96          72          99          76          95          71
          62          73          84          72          82          76          83          71          81
          53          84          65          82          64          83          68          81          63
          54          65          98          64          94          68          97          63          93
          75         186         146         185         145         182         142         181         144
          75         146         152         145         151         142         150         144         149
          67         152         139         151         138         150         135         149         137
          67         139         190         138         189         135         184         137         183
          91         190         168         189         167         184         164         183         166
          91         168         174         167         173         164         172         166         171
          83         174         161         173         160         172         157         171         159
          83         161         186         160         185         157         182         159         181
          77         185         145         254         253         181         144         240         239
          76         145         151         253         251         144         149         239         238
          69         151         138         251         249         149         137         238         237
          68         138         189         249         247         137         183         237         236
          93         189         167         247         245         183         166         236         235
          92         167         173         245         243         166         171         235         234
          85         173         160         243         241         171         159         234         233
          84         160         185         241         254         159         181         233         240
         107         254         253         221         200         240         239         219         199
         107         253         251         200         203         239         238         199         202
          99         251         249         203         196         238         237         202         195
          99         249         247         196         223         237         236         195         220
         123         247         245         223         212         236         235         220         211
         123         245         243         212         215         235         234         211         214
         115         243         241         215         208         234         233         214         207
         115         241         254         208         221         233         240         207         219
         109         221         200         286         285         219         199         272         271
         108         200         203         285         283         199         202         271         270
         101         203         196         283         281         202         195         270         269
         100         196         223         281         279         195         220         269         268
         125         223         212         279         277         220         211         268         267
         124         212         215         277         275         211         214         267         266
         117         215         208         275         273         214         207         266         265
         116         208         221         273         286         207         219         265         272
          11         286         285          33          12         272         271          31          11
          11         285         283          12          15         271         270          11          14
           3         283         281          15           8         270         269          14           7
           3         281         279           8          35         269         268           7          32
          27         279         277          35          24         268         267          32          23
          27         277         275          24          27         267         266          23          26
          19         275         273          27          20         266         265          26          19
          19         273         286          20          33         265         272          19          31
          13          33          12         130         129          31          11         116         115
          12          12          15         129         127          11          14         115         114
           5          15           8         127         125          14           7         114         113
           4           8          35         125         123           7          32         113         112
          29          35          24         123         121          32          23         112         111
          28          24          27         121         119          23          26         111         110
          21          27          20         119         117          26          19         110         109
          20          20          33         117         130          19          31         109         116
          43         130         129          97          52         116         115          91          51
          43         129         127          52          59         115         114          51          56
          35         127         125          59          44         114         113          56          43
          35         125         123          44          99         113         112          43          92
          59         123         121          99          76         112         111          92          75
          59         121         119          76          83         111         110          75          80
          51         119         117          83          68         110         109          80          67
          51         117         130          68          97         109         116          67          91
          45          97          52          93          47          91          51          89          50
          44          52          59          47          57          51          56          50          55
          37          59          44          57          39          56          43          55          42
          36          44          99          39          95          43          92          42          90
          61          99          76          95          71          92          75          90          74
          60          76          83          71          81          75          80          74          79
          53          83          68          81          63          80          67          79          66
          52          68          97          63          93          67          91          66          89
          73         182         142         181         144         178         141         177         140
          74         142         150         144         149         141         148         140         147
          65         150         135         149         137         148         134         147         133
          66         135         184         137         183         134         180         133         179
          89         184         164         183         166         180         163         179         162
          90         164         172         166         171         163         170         162         169
          81         172         157         171         159         170         156         169         155
          82         157         182         159         181         156         178         155         177
          73         181         144         240         239         177         140         232         231
          72         144         149         239         238         140         147         231         230
          65         149         137         238         237         147         133         230         229
          64         137         183         237         236         133         179         229         228
          89         183         166         236         235         179         162         228         227
          88         166         171         235         234         162         169         227         226
          81         171         159         234         233         169         155         226         225
          80         159         181         233         240         155         177         225         232
         105         240         239         219         199         232         231         217         197
         106         239         238         199         202         231         230         197         201
          97         238         237         202         195         230         229         201         193
          98         237         236         195         220         229         228         193         218
         121         236         235         220         211         228         227         218         209
         122         235         234         211         214         227         226         209         213
         113         234         233         214         207         226         225         213         205
         114         233         240         207         219         225         232         205         217
         105         219         199         272         271         217         197         264         263
         104         199         202         271         270         197         201         263         262
          97         202         195         270         269         201         193         262         261
          96         195         220         269         268         193         218         261         260
         121         220         211         268         267         218         209         260         259
         120         211         214         267         266         209         213         259         258
         113         214         207         266         265         213         205         258         257
         112         207         219         265         272         205         217         257         264
           9         272         271          31          11         264         263          29           9
          10         271         270          11          14         263         262           9          13
           1         270         269          14           7         262         261          13           5
           2         269         268           7          32         261         260           5          30
          25         268         267          32          23         260         259          30          21
          26         267         266          23          26         259         258          21          25
          17         266         265          26          19         258         257          25          17
          18         265         272          19          31         257         264          17          29
           9          31          11         116         115          29           9         108         107
           8          11          14         115         114           9          13         107         106
           1          14           7         114         113          13           5         106         105
           0           7          32         113         112           5          30         105         104
          25          32          23         112         111          30          21         104         103
          24          23          26         111         110          21          25         103         102
          17          26          19         110         109          25          17         102         101
          16          19          31         109         116          17          29         101         108
          41         116         115          91          51         108         107          87          46
          42         115         114          51          56         107         106          46          54
          33         114         113          56          43         106         105          54          38
          34         113         112          43          92         105         104          38          88
          57         112         111          92          75         104         103          88          70
          58         111         110          75          80         103         102          70          78
          49         110         109          80          67         102         101          78          62
          50         109         116          67          91         101         108          62          87
          41          91          51          89          50          87          46          85          45
          40          51          56          50          55          46          54          45          53
          33          56          43          55          42          54          38          53          37
          32          43          92          42          90          38          88          37          86
          57          92          75          90          74          88          70          86          69
          56          75          80          74          79          70          78          69          77
          49          80          67          79          66          78          62          77          61
          48          67          91          66          89          62          87          61          85
